// Jest Snapshot v1, https://goo.gl/fbAQLP

exports[`Auto formatting CSS in JS - JSS 1`] = `
"import React from \\"react\\"
import { createUseStyles } from \\"react-jss\\"

const useStyles = createUseStyles({
  button: {
    font: \\"Arial\\",
    fontSize: 12,
    borderRadius: \\"0\\",
    \\"&:hover\\": {
      background: \\"#20d\\"
    }
  }
})

const { classes } = jss.createStyleSheet(styles).attach()

export function ToolbarButton() {
  const classes = useStyles()
  return <Button className={classes.button} />
}
"
`;

exports[`Auto formatting CSS in JS - Styled Components 1`] = `
"import React from \\"react\\"
import styled from \\"styled-components\\"

const Button = styled.a\`
  font: Arial;
  font-size: 12;
  border-radius: 0;

  &:hover: {
    background: #20d;
  }
\`

export function ToolbarButton() {
  return <Button />
}
"
`;

exports[`Auto formatting HTML with CSS 1 1`] = `
"<html>
  <style>
    button {
      font: Arial;
      font-size: 12;
      border-radius: 0;
    }

    button:hover {
      background: #20d;
    }
  </style>
</html>
"
`;

exports[`Auto formatting JSON 1 1`] = `
"{
  \\"name\\": \\"@effective/prettier\\",
  \\"description\\": \\"A leaner and more up-to-date alternative to prettier-eslint.\\",
  \\"repository\\": {
    \\"type\\": \\"git\\",
    \\"url\\": \\"git+https://github.com/sebastian-software/effective-prettier.git\\"
  },
  \\"version\\": \\"2.2.2\\"
}
"
`;

exports[`Auto formatting JavaScript 1 1`] = `
"function hello() {
  const msg = \\"powerful\\"
  return msg
}
"
`;

exports[`Auto formatting JavaScript 2 1`] = `
"const msgs = [ \\"hello\\", \\"world\\", \\"from\\", \\"our\\", \\"test\\" ]
"
`;

exports[`Auto formatting Markdown 1 1`] = `
"## Header

- List Option 1
- List _Option_ 2

\`\`\`js
function main() {
  callMethod()
}
\`\`\`

- Another option

### Another header

Indented
"
`;

exports[`Auto formatting TypeScript 1 1`] = `
"interface foo {
  pub1: string
}

export class Foo implements foo {
  constructor() {
    hello()
  }
}
"
`;
